\BOOKMARK [1][-]{section.1}{\376\377\000S\000t\000a\000t\000o\000\040\000d\000e\000l\000l\000'\000A\000r\000t\000e}{}% 1
\BOOKMARK [2][-]{subsection.1.1}{\376\377\000P\000a\000n\000o\000r\000a\000m\000i\000c\000a\000\040\000s\000u\000g\000l\000i\000\040\000U\000A\000V\000\040\000V\000T\000O\000L}{section.1}% 2
\BOOKMARK [3][-]{subsubsection.1.1.1}{\376\377\000C\000o\000n\000f\000i\000g\000u\000r\000a\000z\000i\000o\000n\000i\000\040\000p\000r\000i\000n\000c\000i\000p\000a\000l\000i}{subsection.1.1}% 3
\BOOKMARK [3][-]{subsubsection.1.1.2}{\376\377\000S\000f\000i\000d\000e\000\040\000d\000i\000\040\000m\000o\000d\000e\000l\000l\000a\000z\000i\000o\000n\000e\000\040\000e\000\040\000c\000o\000n\000t\000r\000o\000l\000l\000o}{subsection.1.1}% 4
\BOOKMARK [2][-]{subsection.1.2}{\376\377\000U\000A\000V\000\040\000V\000T\000O\000L\000\040\000c\000o\000n\000\040\000a\000l\000i\000\040\000i\000n\000d\000i\000p\000e\000n\000d\000e\000n\000t\000e\000m\000e\000n\000t\000e\000\040\000i\000n\000c\000l\000i\000n\000a\000b\000i\000l\000i}{section.1}% 5
\BOOKMARK [2][-]{subsection.1.3}{\376\377\000M\000o\000d\000e\000l\000l\000a\000z\000i\000o\000n\000e\000\040\000e\000\040\000c\000o\000n\000t\000r\000o\000l\000l\000o\000\040\000B\000a\000c\000k\000s\000t\000e\000p\000p\000i\000n\000g\000\040\000p\000e\000r\000\040\000Q\000u\000a\000d\000r\000i\000c\000o\000t\000t\000e\000r\000i}{section.1}% 6
\BOOKMARK [2][-]{subsection.1.4}{\376\377\000D\000i\000s\000a\000c\000c\000o\000p\000p\000i\000a\000m\000e\000n\000t\000o\000\040\000e\000\040\000C\000o\000n\000t\000r\000o\000l\000l\000o\000\040\000S\000l\000i\000d\000i\000n\000g\000\040\000M\000o\000d\000e\000\040\000\050\000S\000M\000C\000\051}{section.1}% 7
\BOOKMARK [2][-]{subsection.1.5}{\376\377\000M\000o\000d\000e\000l\000l\000a\000z\000i\000o\000n\000e\000\040\000e\000\040\000C\000o\000n\000t\000r\000o\000l\000l\000o\000\040\000R\000o\000b\000u\000s\000t\000o\000\040\000p\000e\000r\000\040\000U\000A\000V\000\040\000C\000o\000a\000x\000i\000a\000l\000\040\000T\000i\000l\000t\000-\000R\000o\000t\000o\000r}{section.1}% 8
\BOOKMARK [2][-]{subsection.1.6}{\376\377\000S\000t\000r\000a\000t\000e\000g\000i\000e\000\040\000d\000i\000\040\000V\000o\000l\000o\000\040\000e\000\040\000A\000l\000l\000o\000c\000a\000z\000i\000o\000n\000e\000\040\000d\000e\000l\000\040\000C\000o\000n\000t\000r\000o\000l\000l\000o\000\040\000p\000e\000r\000\040\000T\000r\000i\000c\000o\000t\000t\000e\000r\000i\000\040\000T\000i\000l\000t\000-\000R\000o\000t\000o\000r}{section.1}% 9
\BOOKMARK [2][-]{subsection.1.7}{\376\377\000C\000o\000n\000t\000r\000o\000l\000l\000o\000\040\000S\000l\000i\000d\000i\000n\000g\000\040\000M\000o\000d\000e\000\040\000a\000\040\000T\000e\000m\000p\000o\000\040\000F\000i\000s\000s\000o\000\040\000\050\000F\000i\000x\000e\000d\000-\000T\000i\000m\000e\000\051}{section.1}% 10
\BOOKMARK [2][-]{subsection.1.8}{\376\377\000A\000l\000l\000o\000c\000a\000z\000i\000o\000n\000e\000\040\000d\000e\000l\000\040\000C\000o\000n\000t\000r\000o\000l\000l\000o\000\040\000t\000r\000a\000m\000i\000t\000e\000\040\000S\000p\000i\000n\000t\000a\000\040\000D\000i\000f\000f\000e\000r\000e\000n\000z\000i\000a\000l\000e}{section.1}% 11
\BOOKMARK [1][-]{section.2}{\376\377\000P\000r\000o\000g\000e\000t\000t\000a\000z\000i\000o\000n\000e\000\040\000d\000e\000l\000\040\000C\000o\000n\000t\000r\000o\000l\000l\000o\000\040\000R\000o\000b\000u\000s\000t\000o\000\040\000\050\000S\000M\000C\000\051}{}% 12
\BOOKMARK [2][-]{subsection.2.1}{\376\377\000M\000o\000d\000e\000l\000l\000a\000z\000i\000o\000n\000e\000\040\000d\000e\000l\000l\000a\000\040\000D\000i\000n\000a\000m\000i\000c\000a\000\040\000V\000e\000r\000t\000i\000c\000a\000l\000e}{section.2}% 13
\BOOKMARK [2][-]{subsection.2.2}{\376\377\000D\000e\000f\000i\000n\000i\000z\000i\000o\000n\000e\000\040\000d\000e\000l\000l\000a\000\040\000S\000u\000p\000e\000r\000f\000i\000c\000i\000e\000\040\000d\000i\000\040\000S\000c\000o\000r\000r\000i\000m\000e\000n\000t\000o}{section.2}% 14
\BOOKMARK [2][-]{subsection.2.3}{\376\377\000S\000i\000n\000t\000e\000s\000i\000\040\000d\000e\000l\000l\000a\000\040\000L\000e\000g\000g\000e\000\040\000d\000i\000\040\000C\000o\000n\000t\000r\000o\000l\000l\000o}{section.2}% 15
\BOOKMARK [2][-]{subsection.2.4}{\376\377\000A\000n\000a\000l\000i\000s\000i\000\040\000d\000i\000\040\000S\000t\000a\000b\000i\000l\000i\000t\000\340\000\040\000\050\000M\000e\000t\000o\000d\000o\000\040\000d\000i\000\040\000L\000y\000a\000p\000u\000n\000o\000v\000\051}{section.2}% 16
\BOOKMARK [2][-]{subsection.2.5}{\376\377\000R\000e\000g\000o\000l\000a\000r\000i\000z\000z\000a\000z\000i\000o\000n\000e\000\040\000e\000\040\000C\000h\000a\000t\000t\000e\000r\000i\000n\000g}{section.2}% 17
\BOOKMARK [1][-]{section.3}{\376\377\000A\000r\000c\000h\000i\000t\000e\000t\000t\000u\000r\000a\000\040\000d\000i\000\040\000C\000o\000n\000t\000r\000o\000l\000l\000o\000\040\000d\000e\000l\000\040\000D\000r\000o\000n\000e}{}% 18
\BOOKMARK [2][-]{subsection.3.1}{\376\377\000C\000o\000n\000t\000r\000o\000l\000l\000o\000\040\000V\000e\000r\000t\000i\000c\000a\000l\000e\000\040\000\050\000O\000u\000t\000e\000r\000\040\000L\000o\000o\000p\000\051}{section.3}% 19
\BOOKMARK [3][-]{subsubsection.3.1.1}{\376\377\000M\000o\000d\000e\000l\000l\000o\000\040\000D\000i\000n\000a\000m\000i\000c\000o}{subsection.3.1}% 20
\BOOKMARK [3][-]{subsubsection.3.1.2}{\376\377\000S\000i\000n\000t\000e\000s\000i\000\040\000d\000e\000l\000l\000a\000\040\000L\000e\000g\000g\000e\000\040\000d\000i\000\040\000C\000o\000n\000t\000r\000o\000l\000l\000o}{subsection.3.1}% 21
\BOOKMARK [2][-]{subsection.3.2}{\376\377\000C\000o\000n\000t\000r\000o\000l\000l\000o\000\040\000L\000a\000t\000e\000r\000a\000l\000e\000\040\000-\000\040\000R\000o\000l\000l\000\040\000\050\000C\000a\000s\000c\000a\000d\000e\000\051}{section.3}% 22
\BOOKMARK [3][-]{subsubsection.3.2.1}{\376\377\000P\000o\000s\000i\000z\000i\000o\000n\000e\000\040\000\050\000O\000u\000t\000e\000r\000\040\000L\000o\000o\000p\000\040\000-\000\040\000S\000M\000C\000\051}{subsection.3.2}% 23
\BOOKMARK [3][-]{subsubsection.3.2.2}{\376\377\000A\000s\000s\000e\000t\000t\000o\000\040\000\050\000I\000n\000n\000e\000r\000\040\000L\000o\000o\000p\000\040\000-\000\040\000P\000D\000\051}{subsection.3.2}% 24
\BOOKMARK [2][-]{subsection.3.3}{\376\377\000C\000o\000n\000t\000r\000o\000l\000l\000o\000\040\000L\000o\000n\000g\000i\000t\000u\000d\000i\000n\000a\000l\000e\000\040\000-\000\040\000P\000i\000t\000c\000h\000\040\000\050\000C\000a\000s\000c\000a\000d\000e\000\051}{section.3}% 25
\BOOKMARK [3][-]{subsubsection.3.3.1}{\376\377\000P\000o\000s\000i\000z\000i\000o\000n\000e\000\040\000\050\000O\000u\000t\000e\000r\000\040\000L\000o\000o\000p\000\040\000-\000\040\000S\000M\000C\000\051}{subsection.3.3}% 26
\BOOKMARK [3][-]{subsubsection.3.3.2}{\376\377\000A\000s\000s\000e\000t\000t\000o\000\040\000\050\000I\000n\000n\000e\000r\000\040\000L\000o\000o\000p\000\040\000-\000\040\000P\000D\000\051}{subsection.3.3}% 27
\BOOKMARK [2][-]{subsection.3.4}{\376\377\000A\000l\000l\000o\000c\000a\000z\000i\000o\000n\000e\000\040\000d\000e\000i\000\040\000C\000o\000m\000a\000n\000d\000i\000\040\000\050\000C\000o\000n\000t\000r\000o\000l\000\040\000A\000l\000l\000o\000c\000a\000t\000i\000o\000n\000\051}{section.3}% 28
\BOOKMARK [3][-]{subsubsection.3.4.1}{\376\377\000M\000o\000t\000o\000r\000e\000\040\000d\000i\000\040\000C\000o\000d\000a\000\040\000\050\000R\000o\000t\000o\000r\000e\000\040\0003\000\051}{subsection.3.4}% 29
\BOOKMARK [3][-]{subsubsection.3.4.2}{\376\377\000M\000o\000t\000o\000r\000i\000\040\000F\000r\000o\000n\000t\000a\000l\000i\000\040\000\050\000R\000o\000t\000o\000r\000i\000\040\0001\000\040\000e\000\040\0002\000\051}{subsection.3.4}% 30
\BOOKMARK [1][-]{equation.24}{\376\377\000B\000i\000b\000l\000i\000o\000g\000r\000a\000f\000i\000a}{}% 31
