\BOOKMARK [0][-]{chapter.1}{\376\377\000I\000n\000t\000r\000o\000d\000u\000z\000i\000o\000n\000e}{}% 1
\BOOKMARK [1][-]{section.1.1}{\376\377\000I\000l\000\040\000v\000e\000l\000i\000v\000o\000l\000o\000\040\000o\000g\000g\000e\000t\000t\000o\000\040\000d\000i\000\040\000s\000t\000u\000d\000i\000o\000:\000\040\000D\000r\000a\000g\000o\000n\000f\000l\000y}{chapter.1}% 2
\BOOKMARK [1][-]{section.1.2}{\376\377\000O\000b\000i\000e\000t\000t\000i\000v\000o\000\040\000d\000e\000l\000l\000a\000\040\000T\000e\000s\000i}{chapter.1}% 3
\BOOKMARK [0][-]{chapter.2}{\376\377\000S\000t\000a\000t\000o\000\040\000d\000e\000l\000l\000'\000A\000r\000t\000e}{}% 4
\BOOKMARK [1][-]{section.2.1}{\376\377\000P\000a\000n\000o\000r\000a\000m\000i\000c\000a\000\040\000s\000u\000g\000l\000i\000\040\000U\000A\000V\000\040\000V\000T\000O\000L}{chapter.2}% 5
\BOOKMARK [2][-]{subsection.2.1.1}{\376\377\000C\000o\000n\000f\000i\000g\000u\000r\000a\000z\000i\000o\000n\000i\000\040\000p\000r\000i\000n\000c\000i\000p\000a\000l\000i}{section.2.1}% 6
\BOOKMARK [2][-]{subsection.2.1.2}{\376\377\000S\000f\000i\000d\000e\000\040\000d\000i\000\040\000m\000o\000d\000e\000l\000l\000a\000z\000i\000o\000n\000e\000\040\000e\000\040\000c\000o\000n\000t\000r\000o\000l\000l\000o}{section.2.1}% 7
\BOOKMARK [1][-]{section.2.2}{\376\377\000U\000A\000V\000\040\000V\000T\000O\000L\000\040\000c\000o\000n\000\040\000a\000l\000i\000\040\000i\000n\000d\000i\000p\000e\000n\000d\000e\000n\000t\000e\000m\000e\000n\000t\000e\000\040\000i\000n\000c\000l\000i\000n\000a\000b\000i\000l\000i}{chapter.2}% 8
\BOOKMARK [1][-]{section.2.3}{\376\377\000M\000o\000d\000e\000l\000l\000a\000z\000i\000o\000n\000e\000\040\000e\000\040\000c\000o\000n\000t\000r\000o\000l\000l\000o\000\040\000B\000a\000c\000k\000s\000t\000e\000p\000p\000i\000n\000g\000\040\000p\000e\000r\000\040\000Q\000u\000a\000d\000r\000i\000c\000o\000t\000t\000e\000r\000i}{chapter.2}% 9
\BOOKMARK [1][-]{section.2.4}{\376\377\000C\000o\000n\000t\000r\000o\000l\000l\000o\000\040\000S\000l\000i\000d\000i\000n\000g\000\040\000M\000o\000d\000e\000\040\000"\000S\000m\000o\000o\000t\000h\000e\000d\000"\000\040\000e\000\040\000N\000o\000n\000-\000O\000v\000e\000r\000s\000h\000o\000o\000t\000i\000n\000g}{chapter.2}% 10
\BOOKMARK [1][-]{section.2.5}{\376\377\000M\000o\000d\000e\000l\000l\000a\000z\000i\000o\000n\000e\000\040\000e\000\040\000C\000o\000n\000t\000r\000o\000l\000l\000o\000\040\000R\000o\000b\000u\000s\000t\000o\000\040\000p\000e\000r\000\040\000U\000A\000V\000\040\000C\000o\000a\000x\000i\000a\000l\000\040\000T\000i\000l\000t\000i\000n\000g\000-\000R\000o\000t\000o\000r}{chapter.2}% 11
\BOOKMARK [1][-]{section.2.6}{\376\377\000S\000t\000r\000a\000t\000e\000g\000i\000e\000\040\000d\000i\000\040\000V\000o\000l\000o\000\040\000e\000\040\000C\000o\000n\000t\000r\000o\000l\000l\000o\000\040\000p\000e\000r\000\040\000T\000r\000i\000c\000o\000t\000t\000e\000r\000i\000\040\000T\000i\000l\000t\000i\000n\000g\000-\000R\000o\000t\000o\000r}{chapter.2}% 12
\BOOKMARK [1][-]{section.2.7}{\376\377\000C\000o\000n\000t\000r\000o\000l\000l\000o\000\040\000S\000l\000i\000d\000i\000n\000g\000\040\000M\000o\000d\000e\000\040\000a\000\040\000T\000e\000m\000p\000o\000\040\000F\000i\000s\000s\000o}{chapter.2}% 13
\BOOKMARK [1][-]{section.2.8}{\376\377\000C\000o\000n\000t\000r\000o\000l\000l\000o\000\040\000t\000r\000a\000m\000i\000t\000e\000\040\000S\000p\000i\000n\000t\000a\000\040\000D\000i\000f\000f\000e\000r\000e\000n\000z\000i\000a\000l\000e}{chapter.2}% 14
\BOOKMARK [0][-]{chapter.3}{\376\377\000M\000o\000d\000e\000l\000l\000o\000\040\000M\000a\000t\000e\000m\000a\000t\000i\000c\000o}{}% 15
\BOOKMARK [1][-]{section.3.1}{\376\377\000S\000i\000s\000t\000e\000m\000i\000\040\000d\000i\000\040\000R\000i\000f\000e\000r\000i\000m\000e\000n\000t\000o}{chapter.3}% 16
\BOOKMARK [2][-]{subsection.3.1.1}{\376\377\000M\000a\000t\000r\000i\000c\000i\000\040\000d\000i\000\040\000T\000r\000a\000s\000f\000o\000r\000m\000a\000z\000i\000o\000n\000e}{section.3.1}% 17
\BOOKMARK [1][-]{section.3.2}{\376\377\000E\000q\000u\000a\000z\000i\000o\000n\000i\000\040\000d\000e\000l\000l\000a\000\040\000D\000i\000n\000a\000m\000i\000c\000a}{chapter.3}% 18
\BOOKMARK [1][-]{section.3.3}{\376\377\000A\000n\000a\000l\000i\000s\000i\000\040\000d\000e\000l\000l\000e\000\040\000F\000o\000r\000z\000e}{chapter.3}% 19
\BOOKMARK [2][-]{subsection.3.3.1}{\376\377\000C\000o\000n\000f\000i\000g\000u\000r\000a\000z\000i\000o\000n\000e\000\040\000G\000e\000o\000m\000e\000t\000r\000i\000c\000a\000\040\000e\000\040\000T\000h\000r\000u\000s\000t}{section.3.3}% 20
\BOOKMARK [2][-]{subsection.3.3.2}{\376\377\000G\000r\000a\000v\000i\000t\000\340\000\040\000e\000\040\000A\000e\000r\000o\000d\000i\000n\000a\000m\000i\000c\000a}{section.3.3}% 21
\BOOKMARK [1][-]{section.3.4}{\376\377\000A\000n\000a\000l\000i\000s\000i\000\040\000d\000e\000i\000\040\000M\000o\000m\000e\000n\000t\000i}{chapter.3}% 22
\BOOKMARK [2][-]{subsection.3.4.1}{\376\377\000M\000o\000m\000e\000n\000t\000o\000\040\000d\000i\000\040\000T\000h\000r\000u\000s\000t\000\040\000e\000\040\000T\000o\000r\000c\000e\000n\000t\000e}{section.3.4}% 23
\BOOKMARK [2][-]{subsection.3.4.2}{\376\377\000E\000f\000f\000e\000t\000t\000i\000\040\000A\000e\000r\000o\000d\000i\000n\000a\000m\000i\000c\000i\000\040\000e\000\040\000G\000i\000r\000o\000s\000c\000o\000p\000i\000c\000i}{section.3.4}% 24
\BOOKMARK [1][-]{section.3.5}{\376\377\000S\000i\000s\000t\000e\000m\000a\000\040\000D\000i\000n\000a\000m\000i\000c\000o}{chapter.3}% 25
\BOOKMARK [2][-]{subsection.3.5.1}{\376\377\000V\000a\000r\000i\000a\000b\000i\000l\000i\000\040\000d\000i\000\040\000S\000t\000a\000t\000o}{section.3.5}% 26
\BOOKMARK [2][-]{subsection.3.5.2}{\376\377\000I\000n\000g\000r\000e\000s\000s\000i\000\040\000d\000i\000\040\000C\000o\000n\000t\000r\000o\000l\000l\000o}{section.3.5}% 27
\BOOKMARK [1][-]{section.3.6}{\376\377\000D\000i\000n\000a\000m\000i\000c\000a\000\040\000d\000e\000l\000\040\000S\000i\000s\000t\000e\000m\000a}{chapter.3}% 28
\BOOKMARK [0][-]{chapter.4}{\376\377\000A\000r\000c\000h\000i\000t\000e\000t\000t\000u\000r\000a\000\040\000d\000i\000\040\000C\000o\000n\000t\000r\000o\000l\000l\000o\000\040\000P\000r\000o\000p\000o\000s\000t\000a}{}% 29
\BOOKMARK [1][-]{section.4.1}{\376\377\000S\000t\000r\000a\000t\000e\000g\000i\000e\000\040\000d\000i\000\040\000C\000o\000n\000t\000r\000o\000l\000l\000o\000\040\000e\000\040\000D\000e\000f\000i\000n\000i\000z\000i\000o\000n\000e\000\040\000d\000e\000l\000l\000'\000I\000n\000v\000i\000l\000u\000p\000p\000o\000\040\000d\000i\000\040\000V\000o\000l\000o}{chapter.4}% 30
\BOOKMARK [2][-]{subsection.4.1.1}{\376\377\000F\000a\000s\000e\000\040\0001\000:\000\040\000V\000o\000l\000o\000\040\000V\000e\000r\000t\000i\000c\000a\000l\000e\000\040\000\050\000H\000o\000v\000e\000r\000i\000n\000g\000\051}{section.4.1}% 31
\BOOKMARK [2][-]{subsection.4.1.2}{\376\377\000F\000a\000s\000e\000\040\0002\000:\000\040\000T\000r\000a\000n\000s\000i\000z\000i\000o\000n\000e\000\040\000\050\000R\000e\000g\000i\000m\000e\000\040\000I\000b\000r\000i\000d\000o\000\051}{section.4.1}% 32
\BOOKMARK [2][-]{subsection.4.1.3}{\376\377\000F\000a\000s\000e\000\040\0003\000:\000\040\000V\000o\000l\000o\000\040\000O\000r\000i\000z\000z\000o\000n\000t\000a\000l\000e\000\040\000\050\000C\000r\000o\000c\000i\000e\000r\000a\000\051}{section.4.1}% 33
\BOOKMARK [0][-]{chapter.5}{\376\377\000C\000o\000n\000t\000r\000o\000l\000l\000o\000\040\000V\000e\000r\000t\000i\000c\000a\000l\000e}{}% 34
\BOOKMARK [1][-]{section.5.1}{\376\377\000C\000o\000n\000f\000i\000g\000u\000r\000a\000z\000i\000o\000n\000e\000\040\000d\000i\000\040\000H\000o\000v\000e\000r\000i\000n\000g}{chapter.5}% 35
\BOOKMARK [1][-]{section.5.2}{\376\377\000A\000r\000c\000h\000i\000t\000e\000t\000t\000u\000r\000a\000\040\000d\000i\000\040\000C\000o\000n\000t\000r\000o\000l\000l\000o}{chapter.5}% 36
\BOOKMARK [2][-]{subsection.5.2.1}{\376\377\000S\000c\000h\000e\000m\000a\000\040\000b\000l\000o\000c\000c\000h\000i\000\040\000d\000e\000l\000l\000'\000a\000r\000c\000h\000i\000t\000e\000t\000t\000u\000r\000a\000\040\000d\000i\000\040\000c\000o\000n\000t\000r\000o\000l\000l\000o}{section.5.2}% 37
\BOOKMARK [1][-]{section.5.3}{\376\377\000F\000o\000n\000d\000a\000m\000e\000n\000t\000i\000\040\000d\000e\000l\000l\000o\000\040\000S\000l\000i\000d\000i\000n\000g\000\040\000M\000o\000d\000e\000\040\000C\000o\000n\000t\000r\000o\000l}{chapter.5}% 38
\BOOKMARK [2][-]{subsection.5.3.1}{\376\377\000P\000r\000o\000b\000l\000e\000m\000a\000t\000i\000c\000a\000\040\000d\000e\000l\000\040\000C\000h\000a\000t\000t\000e\000r\000i\000n\000g\000\040\000e\000\040\000R\000e\000g\000o\000l\000a\000r\000i\000z\000z\000a\000z\000i\000o\000n\000e}{section.5.3}% 39
\BOOKMARK [1][-]{section.5.4}{\376\377\000C\000o\000n\000t\000r\000o\000l\000l\000o\000\040\000d\000i\000\040\000P\000o\000s\000i\000z\000i\000o\000n\000e}{chapter.5}% 40
\BOOKMARK [2][-]{subsection.5.4.1}{\376\377\000C\000o\000n\000t\000r\000o\000l\000l\000o\000\040\000d\000i\000\040\000Q\000u\000o\000t\000a\000\040\000z}{section.5.4}% 41
\BOOKMARK [1][-]{section.5.5}{\376\377\000C\000o\000n\000t\000r\000o\000l\000l\000o\000\040\000P\000l\000a\000n\000a\000r\000e\000\040\000e\000\040\000M\000a\000p\000p\000i\000n\000g\000\040\000d\000i\000\040\000A\000s\000s\000e\000t\000t\000o}{chapter.5}% 42
\BOOKMARK [2][-]{subsection.5.5.1}{\376\377\000C\000o\000n\000t\000r\000o\000l\000l\000o\000\040\000y}{section.5.5}% 43
\BOOKMARK [2][-]{subsection.5.5.2}{\376\377\000C\000o\000n\000t\000r\000o\000l\000l\000o\000\040\000x}{section.5.5}% 44
\BOOKMARK [1][-]{section.5.6}{\376\377\000C\000o\000n\000t\000r\000o\000l\000l\000o\000\040\000d\000i\000\040\000A\000s\000s\000e\000t\000t\000o}{chapter.5}% 45
\BOOKMARK [2][-]{subsection.5.6.1}{\376\377\000M\000o\000d\000e\000l\000l\000o\000\040\000D\000i\000n\000a\000m\000i\000c\000o\000\040\000e\000\040\000I\000n\000v\000e\000r\000s\000i\000o\000n\000e}{section.5.6}% 46
\BOOKMARK [2][-]{subsection.5.6.2}{\376\377\000S\000i\000n\000t\000e\000s\000i\000\040\000d\000e\000l\000\040\000C\000o\000n\000t\000r\000o\000l\000l\000o\000r\000e\000\040\000S\000l\000i\000d\000i\000n\000g\000\040\000M\000o\000d\000e}{section.5.6}% 47
\BOOKMARK [1][-]{section.5.7}{\376\377\000M\000o\000t\000o\000r\000\040\000M\000i\000x\000i\000n\000g\000\040\000A\000l\000g\000o\000r\000i\000t\000h\000m}{chapter.5}% 48
\BOOKMARK [2][-]{subsection.5.7.1}{\376\377\000A\000n\000g\000o\000l\000o\000\040\000d\000i\000\040\000E\000q\000u\000i\000l\000i\000b\000r\000i\000o\000\040\000t\000h\000e\000t\000a\000\040\0003}{section.5.7}% 49
\BOOKMARK [2][-]{subsection.5.7.2}{\376\377\000T\000h\000r\000u\000s\000t}{section.5.7}% 50
\BOOKMARK [2][-]{subsection.5.7.3}{\376\377\000I\000m\000b\000a\000r\000d\000a\000t\000a}{section.5.7}% 51
\BOOKMARK [2][-]{subsection.5.7.4}{\376\377\000Q\000u\000o\000t\000a\000\040\000e\000\040\000B\000e\000c\000c\000h\000e\000g\000g\000i\000o}{section.5.7}% 52
\BOOKMARK [2][-]{subsection.5.7.5}{\376\377\000R\000o\000l\000l\000i\000o}{section.5.7}% 53
\BOOKMARK [2][-]{subsection.5.7.6}{\376\377\000C\000o\000m\000a\000n\000d\000i\000\040\000d\000i\000\040\000c\000o\000n\000t\000r\000o\000l\000l\000o}{section.5.7}% 54
\BOOKMARK [1][-]{section.5.8}{\376\377\000S\000i\000m\000u\000l\000a\000z\000i\000o\000n\000i}{chapter.5}% 55
\BOOKMARK [0][-]{chapter.6}{\376\377\000C\000o\000n\000t\000r\000o\000l\000l\000o\000\040\000O\000r\000i\000z\000z\000o\000n\000t\000a\000l\000e}{}% 56
\BOOKMARK [1][-]{section.6.1}{\376\377\000C\000o\000n\000f\000i\000g\000u\000r\000a\000z\000i\000o\000n\000e\000\040\000d\000i\000\040\000C\000r\000o\000c\000i\000e\000r\000a}{chapter.6}% 57
\BOOKMARK [1][-]{section.6.2}{\376\377\000A\000r\000c\000h\000i\000t\000e\000t\000t\000u\000r\000a\000\040\000d\000i\000\040\000C\000o\000n\000t\000r\000o\000l\000l\000o}{chapter.6}% 58
\BOOKMARK [2][-]{subsection.6.2.1}{\376\377\000S\000c\000h\000e\000m\000a\000\040\000a\000\040\000b\000l\000o\000c\000c\000h\000i\000\040\000d\000e\000l\000l\000'\000a\000r\000c\000h\000i\000t\000e\000t\000t\000u\000r\000a\000\040\000d\000i\000\040\000c\000o\000n\000t\000r\000o\000l\000l\000o}{section.6.2}% 59
\BOOKMARK [1][-]{section.6.3}{\376\377\000O\000u\000t\000e\000r\000\040\000L\000o\000o\000p\000\040\000C\000o\000n\000t\000r\000o\000l}{chapter.6}% 60
\BOOKMARK [2][-]{subsection.6.3.1}{\376\377\000C\000o\000n\000t\000r\000o\000l\000l\000o\000\040\000d\000i\000\040\000Q\000u\000o\000t\000a}{section.6.3}% 61
\BOOKMARK [2][-]{subsection.6.3.2}{\376\377\000C\000o\000n\000t\000r\000o\000l\000l\000o\000\040\000d\000i\000\040\000V\000e\000l\000o\000c\000i\000t\000\340}{section.6.3}% 62
\BOOKMARK [2][-]{subsection.6.3.3}{\376\377\000C\000o\000n\000t\000r\000o\000l\000l\000o\000\040\000L\000a\000t\000e\000r\000a\000l\000e}{section.6.3}% 63
\BOOKMARK [2][-]{subsection.6.3.4}{\376\377\000A\000n\000a\000l\000i\000s\000i\000\040\000n\000e\000l\000\040\000W\000i\000n\000d\000\040\000F\000r\000a\000m\000e\000\040\000e\000\040\000F\000e\000e\000d\000f\000o\000r\000w\000a\000r\000d\000\040\000A\000e\000r\000o\000d\000i\000n\000a\000m\000i\000c\000o}{section.6.3}% 64
\BOOKMARK [1][-]{section.6.4}{\376\377\000I\000n\000n\000e\000r\000\040\000L\000o\000o\000p\000:\000\040\000C\000o\000n\000t\000r\000o\000l\000l\000o\000\040\000d\000'\000A\000s\000s\000e\000t\000t\000o}{chapter.6}% 65
\BOOKMARK [2][-]{subsection.6.4.1}{\376\377\000D\000i\000n\000a\000m\000i\000c\000a\000\040\000d\000i\000\040\000B\000e\000c\000c\000h\000e\000g\000g\000i\000o\000\040\000\050\000P\000i\000t\000c\000h\000\051}{section.6.4}% 66
\BOOKMARK [2][-]{subsection.6.4.2}{\376\377\000D\000i\000n\000a\000m\000i\000c\000a\000\040\000d\000i\000\040\000R\000o\000l\000l\000i\000o\000\040\000e\000\040\000I\000m\000b\000a\000r\000d\000a\000t\000a\000\040\000\050\000R\000o\000l\000l\000\040\000\046\000\040\000Y\000a\000w\000\051}{section.6.4}% 67
\BOOKMARK [2][-]{subsection.6.4.3}{\376\377\000S\000e\000p\000a\000r\000a\000z\000i\000o\000n\000e\000\040\000d\000e\000l\000l\000e\000\040\000S\000c\000a\000l\000e\000\040\000T\000e\000m\000p\000o\000r\000a\000l\000i}{section.6.4}% 68
\BOOKMARK [2][-]{subsection.6.4.4}{\376\377\000F\000i\000s\000i\000c\000a\000\040\000d\000e\000g\000l\000i\000\040\000A\000t\000t\000u\000a\000t\000o\000r\000i\000:\000\040\000T\000h\000r\000u\000s\000t\000\040\000V\000e\000c\000t\000o\000r\000i\000n\000g}{section.6.4}% 69
\BOOKMARK [1][-]{section.6.5}{\376\377\000M\000o\000t\000o\000r\000\040\000M\000i\000x\000i\000n\000g\000\040\000A\000l\000g\000o\000r\000i\000t\000h\000m}{chapter.6}% 70
\BOOKMARK [2][-]{subsection.6.5.1}{\376\377\000R\000o\000l\000l\000i\000o\000\040\000e\000\040\000B\000e\000c\000c\000h\000e\000g\000g\000i\000o}{section.6.5}% 71
\BOOKMARK [2][-]{subsection.6.5.2}{\376\377\000C\000o\000n\000t\000r\000o\000l\000l\000o\000\040\000d\000i\000\040\000I\000m\000b\000a\000r\000d\000a\000t\000a\000\040\000e\000\040\000D\000i\000s\000a\000c\000c\000o\000p\000p\000i\000a\000m\000e\000n\000t\000o\000\040\000A\000t\000t\000i\000v\000o\000\040\000d\000e\000l\000l\000a\000\040\000S\000p\000i\000n\000t\000a}{section.6.5}% 72
\BOOKMARK [2][-]{subsection.6.5.3}{\376\377\000P\000r\000o\000t\000e\000z\000i\000o\000n\000i\000\040\000e\000\040\000L\000i\000m\000i\000t\000i\000\040\000F\000i\000s\000i\000c\000i\000\040\000d\000e\000l\000\040\000M\000i\000x\000e\000r}{section.6.5}% 73
\BOOKMARK [1][-]{section.6.6}{\376\377\000S\000i\000m\000u\000l\000a\000z\000i\000o\000n\000i}{chapter.6}% 74
\BOOKMARK [0][-]{chapter.7}{\376\377\000A\000n\000a\000l\000i\000s\000i\000\040\000d\000i\000\040\000L\000y\000a\000p\000u\000n\000o\000v}{}% 75
\BOOKMARK [1][-]{section.7.1}{\376\377\000A\000n\000a\000l\000i\000s\000i\000\040\000d\000i\000\040\000S\000t\000a\000b\000i\000l\000i\000t\000\340}{chapter.7}% 76
\BOOKMARK [2][-]{subsection.7.1.1}{\376\377\000M\000o\000d\000e\000l\000l\000a\000z\000i\000o\000n\000e\000\040\000d\000e\000l\000l\000a\000\040\000D\000i\000n\000a\000m\000i\000c\000a}{section.7.1}% 77
\BOOKMARK [2][-]{subsection.7.1.2}{\376\377\000D\000e\000f\000i\000n\000i\000z\000i\000o\000n\000e\000\040\000d\000e\000l\000l\000a\000\040\000s\000l\000i\000d\000i\000n\000g\000\040\000s\000u\000r\000f\000a\000c\000e}{section.7.1}% 78
\BOOKMARK [2][-]{subsection.7.1.3}{\376\377\000S\000i\000n\000t\000e\000s\000i\000\040\000d\000e\000l\000l\000a\000\040\000L\000e\000g\000g\000e\000\040\000d\000i\000\040\000C\000o\000n\000t\000r\000o\000l\000l\000o}{section.7.1}% 79
\BOOKMARK [2][-]{subsection.7.1.4}{\376\377\000A\000n\000a\000l\000i\000s\000i\000\040\000d\000i\000\040\000S\000t\000a\000b\000i\000l\000i\000t\000\340\000\040\000e\000\040\000T\000e\000m\000p\000o\000\040\000d\000i\000\040\000R\000a\000g\000g\000i\000u\000n\000g\000i\000m\000e\000n\000t\000o}{section.7.1}% 80
\BOOKMARK [2][-]{subsection.7.1.5}{\376\377\000R\000e\000g\000o\000l\000a\000r\000i\000z\000z\000a\000z\000i\000o\000n\000e\000\040\000e\000\040\000M\000i\000t\000i\000g\000a\000z\000i\000o\000n\000e\000\040\000d\000e\000l\000\040\000C\000h\000a\000t\000t\000e\000r\000i\000n\000g}{section.7.1}% 81
\BOOKMARK [0][-]{chapter.8}{\376\377\000A\000n\000a\000l\000i\000s\000i\000\040\000d\000i\000\040\000S\000t\000a\000b\000i\000l\000i\000t\000\340}{}% 82
\BOOKMARK [1][-]{section.8.1}{\376\377\000S\000t\000r\000a\000t\000e\000g\000i\000a\000\040\000d\000i\000\040\000L\000i\000n\000e\000a\000r\000i\000z\000z\000a\000z\000i\000o\000n\000e\000\040\000N\000u\000m\000e\000r\000i\000c\000a}{chapter.8}% 83
\BOOKMARK [1][-]{section.8.2}{\376\377\000D\000e\000f\000i\000n\000i\000z\000i\000o\000n\000e\000\040\000d\000e\000l\000l\000o\000\040\000S\000p\000a\000z\000i\000o\000\040\000d\000i\000\040\000S\000t\000a\000t\000o}{chapter.8}% 84
\BOOKMARK [1][-]{section.8.3}{\376\377\000R\000e\000g\000o\000l\000a\000r\000i\000z\000z\000a\000z\000i\000o\000n\000e\000\040\000d\000e\000l\000\040\000M\000o\000d\000e\000l\000l\000o}{chapter.8}% 85
\BOOKMARK [1][-]{section.8.4}{\376\377\000M\000e\000t\000o\000d\000o\000\040\000d\000e\000l\000l\000e\000\040\000D\000i\000f\000f\000e\000r\000e\000n\000z\000e\000\040\000F\000i\000n\000i\000t\000e\000\040\000C\000e\000n\000t\000r\000a\000l\000i}{chapter.8}% 86
\BOOKMARK [1][-]{section.8.5}{\376\377\000A\000n\000a\000l\000i\000s\000i\000\040\000M\000o\000d\000a\000l\000e\000\040\000e\000\040\000M\000a\000t\000r\000i\000c\000e\000\040\000d\000i\000\040\000P\000a\000r\000t\000e\000c\000i\000p\000a\000z\000i\000o\000n\000e}{chapter.8}% 87
\BOOKMARK [1][-]{section.8.6}{\376\377\000A\000n\000a\000l\000i\000s\000i\000\040\000d\000e\000l\000l\000a\000\040\000C\000o\000n\000d\000i\000z\000i\000o\000n\000e\000\040\000d\000i\000\040\000H\000o\000v\000e\000r\000i\000n\000g}{chapter.8}% 88
\BOOKMARK [2][-]{subsection.8.6.1}{\376\377\000D\000e\000f\000i\000n\000i\000z\000i\000o\000n\000e\000\040\000d\000e\000l\000\040\000P\000u\000n\000t\000o\000\040\000d\000i\000\040\000E\000q\000u\000i\000l\000i\000b\000r\000i\000o}{section.8.6}% 89
\BOOKMARK [2][-]{subsection.8.6.2}{\376\377\000A\000n\000a\000l\000i\000s\000i\000\040\000d\000e\000l\000l\000a\000\040\000S\000t\000a\000b\000i\000l\000i\000t\000\340\000\040\000e\000\040\000M\000a\000t\000r\000i\000c\000e\000\040\000d\000i\000\040\000P\000a\000r\000t\000e\000c\000i\000p\000a\000z\000i\000o\000n\000e}{section.8.6}% 90
\BOOKMARK [1][-]{section.8.7}{\376\377\000A\000n\000a\000l\000i\000s\000i\000\040\000d\000e\000l\000l\000a\000\040\000C\000o\000n\000d\000i\000z\000i\000o\000n\000e\000\040\000d\000i\000\040\000C\000r\000o\000c\000i\000e\000r\000a}{chapter.8}% 91
\BOOKMARK [2][-]{subsection.8.7.1}{\376\377\000D\000e\000f\000i\000n\000i\000z\000i\000o\000n\000e\000\040\000d\000e\000l\000\040\000P\000u\000n\000t\000o\000\040\000d\000i\000\040\000E\000q\000u\000i\000l\000i\000b\000r\000i\000o}{section.8.7}% 92
\BOOKMARK [2][-]{subsection.8.7.2}{\376\377\000A\000n\000a\000l\000i\000s\000i\000\040\000d\000e\000l\000l\000a\000\040\000S\000t\000a\000b\000i\000l\000i\000t\000\340\000\040\000e\000\040\000I\000n\000v\000a\000r\000i\000a\000n\000z\000a\000\040\000p\000e\000r\000\040\000T\000r\000a\000s\000l\000a\000z\000i\000o\000n\000e}{section.8.7}% 93
\BOOKMARK [0][-]{chapter.9}{\376\377\000V\000a\000l\000i\000d\000a\000z\000i\000o\000n\000e\000\040\000d\000e\000l\000l\000a\000\040\000R\000o\000b\000u\000s\000t\000e\000z\000z\000a\000\040\000t\000r\000a\000m\000i\000t\000e\000\040\000A\000n\000a\000l\000i\000s\000i\000\040\000M\000o\000n\000t\000e\000\040\000C\000a\000r\000l\000o}{}% 94
\BOOKMARK [1][-]{section.9.1}{\376\377\000O\000b\000i\000e\000t\000t\000i\000v\000o\000\040\000d\000e\000l\000l\000'\000A\000n\000a\000l\000i\000s\000i}{chapter.9}% 95
\BOOKMARK [1][-]{section.9.2}{\376\377\000D\000e\000f\000i\000n\000i\000z\000i\000o\000n\000e\000\040\000d\000e\000l\000l\000e\000\040\000C\000o\000n\000d\000i\000z\000i\000o\000n\000i\000\040\000I\000n\000i\000z\000i\000a\000l\000i\000\040\000P\000e\000r\000t\000u\000r\000b\000a\000t\000e}{chapter.9}% 96
\BOOKMARK [2][-]{subsection.9.2.1}{\376\377\000S\000c\000e\000n\000a\000r\000i\000o\000\040\0001\000:\000\040\000T\000a\000k\000e\000o\000f\000f}{section.9.2}% 97
\BOOKMARK [2][-]{subsection.9.2.2}{\376\377\000S\000c\000e\000n\000a\000r\000i\000o\000\040\0002\000:\000\040\000H\000o\000v\000e\000r\000i\000n\000g}{section.9.2}% 98
\BOOKMARK [2][-]{subsection.9.2.3}{\376\377\000S\000c\000e\000n\000a\000r\000i\000o\000\040\0003\000:\000\040\000C\000r\000u\000i\000s\000e}{section.9.2}% 99
\BOOKMARK [2][-]{subsection.9.2.4}{\376\377\000C\000o\000n\000c\000l\000u\000s\000i\000o\000n\000e\000\040\000s\000u\000l\000l\000a\000\040\000R\000o\000b\000u\000s\000t\000e\000z\000z\000a}{section.9.2}% 100
